2026-09-06 15:04:36,014 - httpx - INFO - HTTP Request: GET http://localhost:20128/models "HTTP/1.1 200 OK"
2026-09-06 15:04:36,027 - __main__ - INFO - Provider: OmniRoute, Modell: auto
2026-09-06 15:04:36,430 - httpx - INFO - HTTP Request: POST https://api.telegram.org/bot8777656212:AAG8tiX5Rxni-sGxmAtqqDZ-ZBYUhTHb2K4/getMe "HTTP/1.1 200 OK"
2026-09-06 15:04:36,473 - httpx - INFO - HTTP Request: POST https://api.telegram.org/bot8777656212:AAG8tiX5Rxni-sGxmAtqqDZ-ZBYUhTHb2K4/deleteWebhook "HTTP/1.1 200 OK"
2026-09-06 15:04:36,477 - telegram.ext.Application - INFO - Application started
2026-09-06 15:04:36,658 - httpx - INFO - HTTP Request: POST https://api.telegram.org/bot8777656212:AAG8tiX5Rxni-sGxmAtqqDZ-ZBYUhTHb2K4/getUpdates "HTTP/1.1 200 OK"
2026-09-06 15:04:36,739 - httpx - INFO - HTTP Request: POST https://api.telegram.org/bot8777656212:AAG8tiX5Rxni-sGxmAtqqDZ-ZBYUhTHb2K4/sendMessage "HTTP/1.1 200 OK"
2026-09-06 15:04:36,806 - httpx - INFO - HTTP Request: POST https://api.telegram.org/bot8777656212:AAG8tiX5Rxni-sGxmAtqqDZ-ZBYUhTHb2K4/sendMessage "HTTP/1.1 200 OK"
2026-09-06 15:04:36,870 - httpx - INFO - HTTP Request: POST https://api.telegram.org/bot8777656212:AAG8tiX5Rxni-sGxmAtqqDZ-ZBYUhTHb2K4/sendMessage "HTTP/1.1 200 OK"
2026-09-06 15:04:36,937 - httpx - INFO - HTTP Request: POST https://api.telegram.org/bot8777656212:AAG8tiX5Rxni-sGxmAtqqDZ-ZBYUhTHb2K4/sendMessage "HTTP/1.1 200 OK"
2026-09-06 15:04:37,020 - httpx - INFO - HTTP Request: POST https://api.telegram.org/bot8777656212:AAG8tiX5Rxni-sGxmAtqqDZ-ZBYUhTHb2K4/sendMessage "HTTP/1.1 200 OK"
2026-09-06 15:04:38,110 - httpx - INFO - HTTP Request: POST https://api.telegram.org/bot8777656212:AAG8tiX5Rxni-sGxmAtqqDZ-ZBYUhTHb2K4/editMessageText "HTTP/1.1 200 OK"
2026-09-06 15:04:41,697 - httpx - INFO - HTTP Request: POST https://api.telegram.org/bot8777656212:AAG8tiX5Rxni-sGxmAtqqDZ-ZBYUhTHb2K4/getUpdates "HTTP/1.1 200 OK"
2026-09-06 15:04:41,699 - __main__ - WARNING - 🔔 CB empfangen: data='stop:1429234851', user_id=1429234851, ALLOWED=1429234851
2026-09-06 15:04:41,776 - httpx - INFO - HTTP Request: POST https://api.telegram.org/bot8777656212:AAG8tiX5Rxni-sGxmAtqqDZ-ZBYUhTHb2K4/answerCallbackQuery "HTTP/1.1 200 OK"
2026-09-06 15:04:41,778 - __main__ - INFO - Watcher für Job 875416b0 abgebrochen
2026-09-06 15:04:41,836 - httpx - INFO - HTTP Request: POST https://api.telegram.org/bot8777656212:AAG8tiX5Rxni-sGxmAtqqDZ-ZBYUhTHb2K4/answerCallbackQuery "HTTP/1.1 200 OK"
2026-09-06 15:04:42,092 - httpx - INFO - HTTP Request: POST https://api.telegram.org/bot8777656212:AAG8tiX5Rxni-sGxmAtqqDZ-ZBYUhTHb2K4/editMessageText "HTTP/1.1 200 OK"
2026-09-06 15:04:58,836 - httpx - INFO - HTTP Request: POST https://api.telegram.org/bot8777656212:AAG8tiX5Rxni-sGxmAtqqDZ-ZBYUhTHb2K4/getUpdates "HTTP/1.1 200 OK"
2026-09-06 15:04:59,044 - httpx - INFO - HTTP Request: POST https://api.telegram.org/bot8777656212:AAG8tiX5Rxni-sGxmAtqqDZ-ZBYUhTHb2K4/sendMessage "HTTP/1.1 200 OK"
2026-09-06 15:05:01,959 - httpx - INFO - HTTP Request: POST https://api.telegram.org/bot8777656212:AAG8tiX5Rxni-sGxmAtqqDZ-ZBYUhTHb2K4/getUpdates "HTTP/1.1 200 OK"
2026-09-06 15:05:02,421 - httpx - INFO - HTTP Request: POST https://api.telegram.org/bot8777656212:AAG8tiX5Rxni-sGxmAtqqDZ-ZBYUhTHb2K4/sendMessage "HTTP/1.1 200 OK"
2026-09-06 15:05:18,612 - httpx - INFO - HTTP Request: POST https://api.telegram.org/bot8777656212:AAG8tiX5Rxni-sGxmAtqqDZ-ZBYUhTHb2K4/getUpdates "HTTP/1.1 200 OK"
2026-09-06 15:05:18,968 - httpx - INFO - HTTP Request: POST https://api.telegram.org/bot8777656212:AAG8tiX5Rxni-sGxmAtqqDZ-ZBYUhTHb2K4/sendMessage "HTTP/1.1 200 OK"
2026-09-06 15:05:49,232 - httpx - INFO - HTTP Request: POST https://api.telegram.org/bot8777656212:AAG8tiX5Rxni-sGxmAtqqDZ-ZBYUhTHb2K4/getUpdates "HTTP/1.1 200 OK"
2026-09-06 15:05:53,484 - httpx - INFO - HTTP Request: POST https://api.telegram.org/bot8777656212:AAG8tiX5Rxni-sGxmAtqqDZ-ZBYUhTHb2K4/getUpdates "HTTP/1.1 200 OK"
2026-09-06 15:05:53,698 - httpx - INFO - HTTP Request: POST https://api.telegram.org/bot8777656212:AAG8tiX5Rxni-sGxmAtqqDZ-ZBYUhTHb2K4/sendMessage "HTTP/1.1 200 OK"
2026-09-06 15:05:54,986 - httpx - INFO - HTTP Request: POST https://api.telegram.org/bot8777656212:AAG8tiX5Rxni-sGxmAtqqDZ-ZBYUhTHb2K4/editMessageText "HTTP/1.1 200 OK"
2026-09-06 15:06:07,167 - httpx - INFO - HTTP Request: POST https://api.telegram.org/bot8777656212:AAG8tiX5Rxni-sGxmAtqqDZ-ZBYUhTHb2K4/editMessageText "HTTP/1.1 200 OK"
2026-09-06 15:06:17,163 - httpx - INFO - HTTP Request: POST https://api.telegram.org/bot8777656212:AAG8tiX5Rxni-sGxmAtqqDZ-ZBYUhTHb2K4/editMessageText "HTTP/1.1 200 OK"
2026-09-06 15:06:24,038 - httpx - INFO - HTTP Request: POST https://api.telegram.org/bot8777656212:AAG8tiX5Rxni-sGxmAtqqDZ-ZBYUhTHb2K4/getUpdates "HTTP/1.1 200 OK"
2026-09-06 15:06:27,231 - httpx - INFO - HTTP Request: POST https://api.telegram.org/bot8777656212:AAG8tiX5Rxni-sGxmAtqqDZ-ZBYUhTHb2K4/editMessageText "HTTP/1.1 200 OK"
2026-09-06 15:06:37,187 - httpx - INFO - HTTP Request: POST https://api.telegram.org/bot8777656212:AAG8tiX5Rxni-sGxmAtqqDZ-ZBYUhTHb2K4/editMessageText "HTTP/1.1 200 OK"
2026-09-06 15:06:47,168 - httpx - INFO - HTTP Request: POST https://api.telegram.org/bot8777656212:AAG8tiX5Rxni-sGxmAtqqDZ-ZBYUhTHb2K4/editMessageText "HTTP/1.1 200 OK"
2026-09-06 15:06:54,593 - httpx - INFO - HTTP Request: POST https://api.telegram.org/bot8777656212:AAG8tiX5Rxni-sGxmAtqqDZ-ZBYUhTHb2K4/getUpdates "HTTP/1.1 200 OK"
2026-09-06 15:06:57,198 - httpx - INFO - HTTP Request: POST https://api.telegram.org/bot8777656212:AAG8tiX5Rxni-sGxmAtqqDZ-ZBYUhTHb2K4/editMessageText "HTTP/1.1 200 OK"
2026-09-06 15:07:07,246 - httpx - INFO - HTTP Request: POST https://api.telegram.org/bot8777656212:AAG8tiX5Rxni-sGxmAtqqDZ-ZBYUhTHb2K4/editMessageText "HTTP/1.1 200 OK"
2026-09-06 15:07:14,870 - httpx - INFO - HTTP Request: POST https://api.telegram.org/bot8777656212:AAG8tiX5Rxni-sGxmAtqqDZ-ZBYUhTHb2K4/editMessageText "HTTP/1.1 200 OK"
2026-09-06 15:07:15,365 - httpx - INFO - HTTP Request: POST https://api.telegram.org/bot8777656212:AAG8tiX5Rxni-sGxmAtqqDZ-ZBYUhTHb2K4/editMessageText "HTTP/1.1 200 OK"
2026-09-06 15:07:15,821 - httpx - INFO - HTTP Request: POST https://api.telegram.org/bot8777656212:AAG8tiX5Rxni-sGxmAtqqDZ-ZBYUhTHb2K4/editMessageText "HTTP/1.1 200 OK"
2026-09-06 15:07:16,198 - httpx - INFO - HTTP Request: POST https://api.telegram.org/bot8777656212:AAG8tiX5Rxni-sGxmAtqqDZ-ZBYUhTHb2K4/editMessageText "HTTP/1.1 200 OK"
2026-09-06 15:07:25,143 - httpx - INFO - HTTP Request: POST https://api.telegram.org/bot8777656212:AAG8tiX5Rxni-sGxmAtqqDZ-ZBYUhTHb2K4/getUpdates "HTTP/1.1 200 OK"
2026-09-06 15:07:55,683 - httpx - INFO - HTTP Request: POST https://api.telegram.org/bot8777656212:AAG8tiX5Rxni-sGxmAtqqDZ-ZBYUhTHb2K4/getUpdates "HTTP/1.1 200 OK"
2026-09-06 15:08:26,243 - httpx - INFO - HTTP Request: POST https://api.telegram.org/bot8777656212:AAG8tiX5Rxni-sGxmAtqqDZ-ZBYUhTHb2K4/getUpdates "HTTP/1.1 200 OK"
2026-09-06 15:08:38,146 - httpx - INFO - HTTP Request: POST https://api.telegram.org/bot8777656212:AAG8tiX5Rxni-sGxmAtqqDZ-ZBYUhTHb2K4/getUpdates "HTTP/1.1 200 OK"
2026-09-06 15:08:38,157 - __main__ - WARNING - 🔔 CB empfangen: data='model:auto/best-chat', user_id=1429234851, ALLOWED=1429234851
2026-09-06 15:08:38,377 - httpx - INFO - HTTP Request: POST https://api.telegram.org/bot8777656212:AAG8tiX5Rxni-sGxmAtqqDZ-ZBYUhTHb2K4/answerCallbackQuery "HTTP/1.1 200 OK"
2026-09-06 15:08:38,447 - httpx - INFO - HTTP Request: POST https://api.telegram.org/bot8777656212:AAG8tiX5Rxni-sGxmAtqqDZ-ZBYUhTHb2K4/answerCallbackQuery "HTTP/1.1 200 OK"
2026-09-06 15:08:38,643 - httpx - INFO - HTTP Request: POST https://api.telegram.org/bot8777656212:AAG8tiX5Rxni-sGxmAtqqDZ-ZBYUhTHb2K4/editMessageText "HTTP/1.1 200 OK"
2026-09-06 15:08:49,824 - httpx - INFO - HTTP Request: POST https://api.telegram.org/bot8777656212:AAG8tiX5Rxni-sGxmAtqqDZ-ZBYUhTHb2K4/getUpdates "HTTP/1.1 200 OK"
2026-09-06 15:08:49,987 - httpx - INFO - HTTP Request: POST https://api.telegram.org/bot8777656212:AAG8tiX5Rxni-sGxmAtqqDZ-ZBYUhTHb2K4/sendMessage "HTTP/1.1 200 OK"
2026-09-06 15:08:51,468 - httpx - INFO - HTTP Request: POST https://api.telegram.org/bot8777656212:AAG8tiX5Rxni-sGxmAtqqDZ-ZBYUhTHb2K4/editMessageText "HTTP/1.1 200 OK"
2026-09-06 15:09:03,630 - httpx - INFO - HTTP Request: POST https://api.telegram.org/bot8777656212:AAG8tiX5Rxni-sGxmAtqqDZ-ZBYUhTHb2K4/editMessageText "HTTP/1.1 200 OK"
2026-09-06 15:09:03,809 - httpx - INFO - HTTP Request: POST https://api.telegram.org/bot8777656212:AAG8tiX5Rxni-sGxmAtqqDZ-ZBYUhTHb2K4/editMessageText "HTTP/1.1 400 Bad Request"
2026-09-06 15:09:04,347 - httpx - INFO - HTTP Request: POST https://api.telegram.org/bot8777656212:AAG8tiX5Rxni-sGxmAtqqDZ-ZBYUhTHb2K4/editMessageText "HTTP/1.1 200 OK"
2026-09-06 15:09:05,079 - httpx - INFO - HTTP Request: POST https://api.telegram.org/bot8777656212:AAG8tiX5Rxni-sGxmAtqqDZ-ZBYUhTHb2K4/editMessageText "HTTP/1.1 200 OK"
2026-09-06 15:09:05,592 - httpx - INFO - HTTP Request: POST https://api.telegram.org/bot8777656212:AAG8tiX5Rxni-sGxmAtqqDZ-ZBYUhTHb2K4/editMessageText "HTTP/1.1 400 Bad Request"
2026-09-06 15:09:06,200 - httpx - INFO - HTTP Request: POST https://api.telegram.org/bot8777656212:AAG8tiX5Rxni-sGxmAtqqDZ-ZBYUhTHb2K4/editMessageText "HTTP/1.1 200 OK"
2026-09-06 15:09:06,745 - httpx - INFO - HTTP Request: POST https://api.telegram.org/bot8777656212:AAG8tiX5Rxni-sGxmAtqqDZ-ZBYUhTHb2K4/editMessageText "HTTP/1.1 400 Bad Request"
2026-09-06 15:09:19,266 - httpx - INFO - HTTP Request: POST https://api.telegram.org/bot8777656212:AAG8tiX5Rxni-sGxmAtqqDZ-ZBYUhTHb2K4/editMessageText "HTTP/1.1 200 OK"
2026-09-06 15:09:20,392 - httpx - INFO - HTTP Request: POST https://api.telegram.org/bot8777656212:AAG8tiX5Rxni-sGxmAtqqDZ-ZBYUhTHb2K4/getUpdates "HTTP/1.1 200 OK"
2026-09-06 15:09:31,538 - httpx - INFO - HTTP Request: POST https://api.telegram.org/bot8777656212:AAG8tiX5Rxni-sGxmAtqqDZ-ZBYUhTHb2K4/editMessageText "HTTP/1.1 200 OK"
2026-09-06 15:09:36,872 - httpx - INFO - HTTP Request: POST https://api.telegram.org/bot8777656212:AAG8tiX5Rxni-sGxmAtqqDZ-ZBYUhTHb2K4/editMessageText "HTTP/1.1 200 OK"
2026-09-06 15:09:37,308 - httpx - INFO - HTTP Request: POST https://api.telegram.org/bot8777656212:AAG8tiX5Rxni-sGxmAtqqDZ-ZBYUhTHb2K4/editMessageText "HTTP/1.1 200 OK"
2026-09-06 15:09:37,933 - httpx - INFO - HTTP Request: POST https://api.telegram.org/bot8777656212:AAG8tiX5Rxni-sGxmAtqqDZ-ZBYUhTHb2K4/editMessageText "HTTP/1.1 400 Bad Request"
2026-09-06 15:09:38,448 - httpx - INFO - HTTP Request: POST https://api.telegram.org/bot8777656212:AAG8tiX5Rxni-sGxmAtqqDZ-ZBYUhTHb2K4/editMessageText "HTTP/1.1 200 OK"
2026-09-06 15:09:38,970 - httpx - INFO - HTTP Request: POST https://api.telegram.org/bot8777656212:AAG8tiX5Rxni-sGxmAtqqDZ-ZBYUhTHb2K4/editMessageText "HTTP/1.1 400 Bad Request"
2026-09-06 15:09:39,504 - httpx - INFO - HTTP Request: POST https://api.telegram.org/bot8777656212:AAG8tiX5Rxni-sGxmAtqqDZ-ZBYUhTHb2K4/editMessageText "HTTP/1.1 200 OK"
2026-09-06 15:09:40,072 - httpx - INFO - HTTP Request: POST https://api.telegram.org/bot8777656212:AAG8tiX5Rxni-sGxmAtqqDZ-ZBYUhTHb2K4/editMessageText "HTTP/1.1 400 Bad Request"
2026-09-06 15:09:40,608 - httpx - INFO - HTTP Request: POST https://api.telegram.org/bot8777656212:AAG8tiX5Rxni-sGxmAtqqDZ-ZBYUhTHb2K4/editMessageText "HTTP/1.1 200 OK"
2026-09-06 15:09:41,329 - httpx - INFO - HTTP Request: POST https://api.telegram.org/bot8777656212:AAG8tiX5Rxni-sGxmAtqqDZ-ZBYUhTHb2K4/editMessageText "HTTP/1.1 200 OK"
2026-09-06 15:09:41,897 - httpx - INFO - HTTP Request: POST https://api.telegram.org/bot8777656212:AAG8tiX5Rxni-sGxmAtqqDZ-ZBYUhTHb2K4/editMessageText "HTTP/1.1 400 Bad Request"
2026-09-06 15:09:42,448 - httpx - INFO - HTTP Request: POST https://api.telegram.org/bot8777656212:AAG8tiX5Rxni-sGxmAtqqDZ-ZBYUhTHb2K4/editMessageText "HTTP/1.1 200 OK"
2026-09-06 15:09:42,974 - httpx - INFO - HTTP Request: POST https://api.telegram.org/bot8777656212:AAG8tiX5Rxni-sGxmAtqqDZ-ZBYUhTHb2K4/editMessageText "HTTP/1.1 400 Bad Request"
2026-09-06 15:09:43,531 - httpx - INFO - HTTP Request: POST https://api.telegram.org/bot8777656212:AAG8tiX5Rxni-sGxmAtqqDZ-ZBYUhTHb2K4/editMessageText "HTTP/1.1 200 OK"
2026-09-06 15:09:44,120 - httpx - INFO - HTTP Request: POST https://api.telegram.org/bot8777656212:AAG8tiX5Rxni-sGxmAtqqDZ-ZBYUhTHb2K4/editMessageText "HTTP/1.1 200 OK"
2026-09-06 15:09:44,626 - httpx - INFO - HTTP Request: POST https://api.telegram.org/bot8777656212:AAG8tiX5Rxni-sGxmAtqqDZ-ZBYUhTHb2K4/editMessageText "HTTP/1.1 400 Bad Request"
2026-09-06 15:09:45,164 - httpx - INFO - HTTP Request: POST https://api.telegram.org/bot8777656212:AAG8tiX5Rxni-sGxmAtqqDZ-ZBYUhTHb2K4/editMessageText "HTTP/1.1 200 OK"
2026-09-06 15:09:45,715 - httpx - INFO - HTTP Request: POST https://api.telegram.org/bot8777656212:AAG8tiX5Rxni-sGxmAtqqDZ-ZBYUhTHb2K4/editMessageText "HTTP/1.1 400 Bad Request"
2026-09-06 15:09:46,237 - httpx - INFO - HTTP Request: POST https://api.telegram.org/bot8777656212:AAG8tiX5Rxni-sGxmAtqqDZ-ZBYUhTHb2K4/editMessageText "HTTP/1.1 200 OK"
2026-09-06 15:09:46,896 - httpx - INFO - HTTP Request: POST https://api.telegram.org/bot8777656212:AAG8tiX5Rxni-sGxmAtqqDZ-ZBYUhTHb2K4/editMessageText "HTTP/1.1 400 Bad Request"
2026-09-06 15:09:47,285 - httpx - INFO - HTTP Request: POST https://api.telegram.org/bot8777656212:AAG8tiX5Rxni-sGxmAtqqDZ-ZBYUhTHb2K4/editMessageText "HTTP/1.1 200 OK"
2026-09-06 15:09:47,826 - httpx - INFO - HTTP Request: POST https://api.telegram.org/bot8777656212:AAG8tiX5Rxni-sGxmAtqqDZ-ZBYUhTHb2K4/editMessageText "HTTP/1.1 400 Bad Request"
2026-09-06 15:09:48,757 - httpx - INFO - HTTP Request: POST https://api.telegram.org/bot8777656212:AAG8tiX5Rxni-sGxmAtqqDZ-ZBYUhTHb2K4/editMessageText "HTTP/1.1 200 OK"
2026-09-06 15:09:49,130 - httpx - INFO - HTTP Request: POST https://api.telegram.org/bot8777656212:AAG8tiX5Rxni-sGxmAtqqDZ-ZBYUhTHb2K4/editMessageText "HTTP/1.1 400 Bad Request"
2026-09-06 15:09:49,503 - httpx - INFO - HTTP Request: POST https://api.telegram.org/bot8777656212:AAG8tiX5Rxni-sGxmAtqqDZ-ZBYUhTHb2K4/editMessageText "HTTP/1.1 200 OK"
2026-09-06 15:09:49,985 - httpx - INFO - HTTP Request: POST https://api.telegram.org/bot8777656212:AAG8tiX5Rxni-sGxmAtqqDZ-ZBYUhTHb2K4/editMessageText "HTTP/1.1 400 Bad Request"
2026-09-06 15:09:50,515 - httpx - INFO - HTTP Request: POST https://api.telegram.org/bot8777656212:AAG8tiX5Rxni-sGxmAtqqDZ-ZBYUhTHb2K4/editMessageText "HTTP/1.1 200 OK"
2026-09-06 15:09:50,963 - httpx - INFO - HTTP Request: POST https://api.telegram.org/bot8777656212:AAG8tiX5Rxni-sGxmAtqqDZ-ZBYUhTHb2K4/getUpdates "HTTP/1.1 200 OK"
2026-09-06 15:09:51,023 - httpx - INFO - HTTP Request: POST https://api.telegram.org/bot8777656212:AAG8tiX5Rxni-sGxmAtqqDZ-ZBYUhTHb2K4/editMessageText "HTTP/1.1 400 Bad Request"
2026-09-06 15:09:51,630 - httpx - INFO - HTTP Request: POST https://api.telegram.org/bot8777656212:AAG8tiX5Rxni-sGxmAtqqDZ-ZBYUhTHb2K4/editMessageText "HTTP/1.1 200 OK"
2026-09-06 15:09:52,109 - httpx - INFO - HTTP Request: POST https://api.telegram.org/bot8777656212:AAG8tiX5Rxni-sGxmAtqqDZ-ZBYUhTHb2K4/editMessageText "HTTP/1.1 200 OK"
2026-09-06 15:09:52,598 - httpx - INFO - HTTP Request: POST https://api.telegram.org/bot8777656212:AAG8tiX5Rxni-sGxmAtqqDZ-ZBYUhTHb2K4/editMessageText "HTTP/1.1 400 Bad Request"
2026-09-06 15:09:53,200 - httpx - INFO - HTTP Request: POST https://api.telegram.org/bot8777656212:AAG8tiX5Rxni-sGxmAtqqDZ-ZBYUhTHb2K4/editMessageText "HTTP/1.1 200 OK"
2026-09-06 15:09:53,688 - httpx - INFO - HTTP Request: POST https://api.telegram.org/bot8777656212:AAG8tiX5Rxni-sGxmAtqqDZ-ZBYUhTHb2K4/editMessageText "HTTP/1.1 400 Bad Request"
2026-09-06 15:09:54,201 - httpx - INFO - HTTP Request: POST https://api.telegram.org/bot8777656212:AAG8tiX5Rxni-sGxmAtqqDZ-ZBYUhTHb2K4/editMessageText "HTTP/1.1 200 OK"
2026-09-06 15:10:21,513 - httpx - INFO - HTTP Request: POST https://api.telegram.org/bot8777656212:AAG8tiX5Rxni-sGxmAtqqDZ-ZBYUhTHb2K4/getUpdates "HTTP/1.1 200 OK"
2026-09-06 15:10:52,161 - httpx - INFO - HTTP Request: POST https://api.telegram.org/bot8777656212:AAG8tiX5Rxni-sGxmAtqqDZ-ZBYUhTHb2K4/getUpdates "HTTP/1.1 200 OK"
2026-09-06 15:11:22,711 - httpx - INFO - HTTP Request: POST https://api.telegram.org/bot8777656212:AAG8tiX5Rxni-sGxmAtqqDZ-ZBYUhTHb2K4/getUpdates "HTTP/1.1 200 OK"
2026-09-06 15:11:53,299 - httpx - INFO - HTTP Request: POST https://api.telegram.org/bot8777656212:AAG8tiX5Rxni-sGxmAtqqDZ-ZBYUhTHb2K4/getUpdates "HTTP/1.1 200 OK"
2026-09-06 15:12:23,845 - httpx - INFO - HTTP Request: POST https://api.telegram.org/bot8777656212:AAG8tiX5Rxni-sGxmAtqqDZ-ZBYUhTHb2K4/getUpdates "HTTP/1.1 200 OK"
2026-09-06 15:12:52,804 - httpx - INFO - HTTP Request: POST https://api.telegram.org/bot8777656212:AAG8tiX5Rxni-sGxmAtqqDZ-ZBYUhTHb2K4/getUpdates "HTTP/1.1 200 OK"
2026-09-06 15:12:53,046 - httpx - INFO - HTTP Request: POST https://api.telegram.org/bot8777656212:AAG8tiX5Rxni-sGxmAtqqDZ-ZBYUhTHb2K4/sendMessage "HTTP/1.1 200 OK"
2026-09-06 15:12:55,305 - httpx - INFO - HTTP Request: POST https://api.telegram.org/bot8777656212:AAG8tiX5Rxni-sGxmAtqqDZ-ZBYUhTHb2K4/editMessageText "HTTP/1.1 200 OK"
2026-09-06 15:13:02,166 - httpx - INFO - HTTP Request: POST https://api.telegram.org/bot8777656212:AAG8tiX5Rxni-sGxmAtqqDZ-ZBYUhTHb2K4/editMessageText "HTTP/1.1 200 OK"
2026-09-06 15:13:02,531 - httpx - INFO - HTTP Request: POST https://api.telegram.org/bot8777656212:AAG8tiX5Rxni-sGxmAtqqDZ-ZBYUhTHb2K4/editMessageText "HTTP/1.1 200 OK"
2026-09-06 15:13:03,014 - httpx - INFO - HTTP Request: POST https://api.telegram.org/bot8777656212:AAG8tiX5Rxni-sGxmAtqqDZ-ZBYUhTHb2K4/editMessageText "HTTP/1.1 400 Bad Request"
2026-09-06 15:13:03,539 - httpx - INFO - HTTP Request: POST https://api.telegram.org/bot8777656212:AAG8tiX5Rxni-sGxmAtqqDZ-ZBYUhTHb2K4/editMessageText "HTTP/1.1 200 OK"
2026-09-06 15:13:04,060 - httpx - INFO - HTTP Request: POST https://api.telegram.org/bot8777656212:AAG8tiX5Rxni-sGxmAtqqDZ-ZBYUhTHb2K4/editMessageText "HTTP/1.1 400 Bad Request"
2026-09-06 15:13:04,569 - httpx - INFO - HTTP Request: POST https://api.telegram.org/bot8777656212:AAG8tiX5Rxni-sGxmAtqqDZ-ZBYUhTHb2K4/editMessageText "HTTP/1.1 200 OK"
2026-09-06 15:13:10,385 - httpx - INFO - HTTP Request: POST https://api.telegram.org/bot8777656212:AAG8tiX5Rxni-sGxmAtqqDZ-ZBYUhTHb2K4/getUpdates "HTTP/1.1 200 OK"
2026-09-06 15:13:10,390 - __main__ - WARNING - 🔔 CB empfangen: data='stop:1429234851', user_id=1429234851, ALLOWED=1429234851
2026-09-06 15:13:10,620 - httpx - INFO - HTTP Request: POST https://api.telegram.org/bot8777656212:AAG8tiX5Rxni-sGxmAtqqDZ-ZBYUhTHb2K4/answerCallbackQuery "HTTP/1.1 200 OK"
2026-09-06 15:13:10,623 - __main__ - INFO - Watcher für Job d4c84735 abgebrochen
2026-09-06 15:13:10,674 - httpx - INFO - HTTP Request: POST https://api.telegram.org/bot8777656212:AAG8tiX5Rxni-sGxmAtqqDZ-ZBYUhTHb2K4/answerCallbackQuery "HTTP/1.1 200 OK"
2026-09-06 15:13:10,734 - httpx - INFO - HTTP Request: POST https://api.telegram.org/bot8777656212:AAG8tiX5Rxni-sGxmAtqqDZ-ZBYUhTHb2K4/editMessageText "HTTP/1.1 200 OK"
2026-09-06 15:13:40,941 - httpx - INFO - HTTP Request: POST https://api.telegram.org/bot8777656212:AAG8tiX5Rxni-sGxmAtqqDZ-ZBYUhTHb2K4/getUpdates "HTTP/1.1 200 OK"
2026-09-06 15:14:11,577 - httpx - INFO - HTTP Request: POST https://api.telegram.org/bot8777656212:AAG8tiX5Rxni-sGxmAtqqDZ-ZBYUhTHb2K4/getUpdates "HTTP/1.1 200 OK"
2026-09-06 15:14:42,126 - httpx - INFO - HTTP Request: POST https://api.telegram.org/bot8777656212:AAG8tiX5Rxni-sGxmAtqqDZ-ZBYUhTHb2K4/getUpdates "HTTP/1.1 200 OK"
2026-09-06 15:15:12,685 - httpx - INFO - HTTP Request: POST https://api.telegram.org/bot8777656212:AAG8tiX5Rxni-sGxmAtqqDZ-ZBYUhTHb2K4/getUpdates "HTTP/1.1 200 OK"
2026-09-06 15:15:43,226 - httpx - INFO - HTTP Request: POST https://api.telegram.org/bot8777656212:AAG8tiX5Rxni-sGxmAtqqDZ-ZBYUhTHb2K4/getUpdates "HTTP/1.1 200 OK"
2026-09-06 15:16:13,776 - httpx - INFO - HTTP Request: POST https://api.telegram.org/bot8777656212:AAG8tiX5Rxni-sGxmAtqqDZ-ZBYUhTHb2K4/getUpdates "HTTP/1.1 200 OK"
2026-09-06 15:16:44,322 - httpx - INFO - HTTP Request: POST https://api.telegram.org/bot8777656212:AAG8tiX5Rxni-sGxmAtqqDZ-ZBYUhTHb2K4/getUpdates "HTTP/1.1 200 OK"
2026-09-06 15:17:14,872 - httpx - INFO - HTTP Request: POST https://api.telegram.org/bot8777656212:AAG8tiX5Rxni-sGxmAtqqDZ-ZBYUhTHb2K4/getUpdates "HTTP/1.1 200 OK"
2026-09-06 15:17:45,427 - httpx - INFO - HTTP Request: POST https://api.telegram.org/bot8777656212:AAG8tiX5Rxni-sGxmAtqqDZ-ZBYUhTHb2K4/getUpdates "HTTP/1.1 200 OK"
2026-09-06 15:18:15,970 - httpx - INFO - HTTP Request: POST https://api.telegram.org/bot8777656212:AAG8tiX5Rxni-sGxmAtqqDZ-ZBYUhTHb2K4/getUpdates "HTTP/1.1 200 OK"
2026-09-06 15:18:46,537 - httpx - INFO - HTTP Request: POST https://api.telegram.org/bot8777656212:AAG8tiX5Rxni-sGxmAtqqDZ-ZBYUhTHb2K4/getUpdates "HTTP/1.1 200 OK"
2026-09-06 15:19:17,090 - httpx - INFO - HTTP Request: POST https://api.telegram.org/bot8777656212:AAG8tiX5Rxni-sGxmAtqqDZ-ZBYUhTHb2K4/getUpdates "HTTP/1.1 200 OK"
2026-09-06 15:19:47,642 - httpx - INFO - HTTP Request: POST https://api.telegram.org/bot8777656212:AAG8tiX5Rxni-sGxmAtqqDZ-ZBYUhTHb2K4/getUpdates "HTTP/1.1 200 OK"
2026-09-06 15:20:18,331 - httpx - INFO - HTTP Request: POST https://api.telegram.org/bot8777656212:AAG8tiX5Rxni-sGxmAtqqDZ-ZBYUhTHb2K4/getUpdates "HTTP/1.1 200 OK"
2026-09-06 15:20:48,882 - httpx - INFO - HTTP Request: POST https://api.telegram.org/bot8777656212:AAG8tiX5Rxni-sGxmAtqqDZ-ZBYUhTHb2K4/getUpdates "HTTP/1.1 200 OK"
2026-09-06 15:21:19,441 - httpx - INFO - HTTP Request: POST https://api.telegram.org/bot8777656212:AAG8tiX5Rxni-sGxmAtqqDZ-ZBYUhTHb2K4/getUpdates "HTTP/1.1 200 OK"
2026-09-06 15:21:50,004 - httpx - INFO - HTTP Request: POST https://api.telegram.org/bot8777656212:AAG8tiX5Rxni-sGxmAtqqDZ-ZBYUhTHb2K4/getUpdates "HTTP/1.1 200 OK"
2026-09-06 15:22:20,544 - httpx - INFO - HTTP Request: POST https://api.telegram.org/bot8777656212:AAG8tiX5Rxni-sGxmAtqqDZ-ZBYUhTHb2K4/getUpdates "HTTP/1.1 200 OK"
2026-09-06 15:22:51,087 - httpx - INFO - HTTP Request: POST https://api.telegram.org/bot8777656212:AAG8tiX5Rxni-sGxmAtqqDZ-ZBYUhTHb2K4/getUpdates "HTTP/1.1 200 OK"
2026-09-06 15:23:21,645 - httpx - INFO - HTTP Request: POST https://api.telegram.org/bot8777656212:AAG8tiX5Rxni-sGxmAtqqDZ-ZBYUhTHb2K4/getUpdates "HTTP/1.1 200 OK"
2026-09-06 15:23:52,189 - httpx - INFO - HTTP Request: POST https://api.telegram.org/bot8777656212:AAG8tiX5Rxni-sGxmAtqqDZ-ZBYUhTHb2K4/getUpdates "HTTP/1.1 200 OK"
2026-09-06 15:24:22,766 - httpx - INFO - HTTP Request: POST https://api.telegram.org/bot8777656212:AAG8tiX5Rxni-sGxmAtqqDZ-ZBYUhTHb2K4/getUpdates "HTTP/1.1 200 OK"
2026-09-06 15:24:53,315 - httpx - INFO - HTTP Request: POST https://api.telegram.org/bot8777656212:AAG8tiX5Rxni-sGxmAtqqDZ-ZBYUhTHb2K4/getUpdates "HTTP/1.1 200 OK"
2026-09-06 15:25:23,862 - httpx - INFO - HTTP Request: POST https://api.telegram.org/bot8777656212:AAG8tiX5Rxni-sGxmAtqqDZ-ZBYUhTHb2K4/getUpdates "HTTP/1.1 200 OK"
2026-09-06 15:25:54,400 - httpx - INFO - HTTP Request: POST https://api.telegram.org/bot8777656212:AAG8tiX5Rxni-sGxmAtqqDZ-ZBYUhTHb2K4/getUpdates "HTTP/1.1 200 OK"
2026-09-06 15:26:24,952 - httpx - INFO - HTTP Request: POST https://api.telegram.org/bot8777656212:AAG8tiX5Rxni-sGxmAtqqDZ-ZBYUhTHb2K4/getUpdates "HTTP/1.1 200 OK"
2026-09-06 15:26:55,489 - httpx - INFO - HTTP Request: POST https://api.telegram.org/bot8777656212:AAG8tiX5Rxni-sGxmAtqqDZ-ZBYUhTHb2K4/getUpdates "HTTP/1.1 200 OK"
2026-09-06 15:27:26,034 - httpx - INFO - HTTP Request: POST https://api.telegram.org/bot8777656212:AAG8tiX5Rxni-sGxmAtqqDZ-ZBYUhTHb2K4/getUpdates "HTTP/1.1 200 OK"
2026-09-06 15:27:56,571 - httpx - INFO - HTTP Request: POST https://api.telegram.org/bot8777656212:AAG8tiX5Rxni-sGxmAtqqDZ-ZBYUhTHb2K4/getUpdates "HTTP/1.1 200 OK"
2026-09-06 15:28:27,125 - httpx - INFO - HTTP Request: POST https://api.telegram.org/bot8777656212:AAG8tiX5Rxni-sGxmAtqqDZ-ZBYUhTHb2K4/getUpdates "HTTP/1.1 200 OK"
2026-09-06 15:28:57,684 - httpx - INFO - HTTP Request: POST https://api.telegram.org/bot8777656212:AAG8tiX5Rxni-sGxmAtqqDZ-ZBYUhTHb2K4/getUpdates "HTTP/1.1 200 OK"
2026-09-06 15:29:28,231 - httpx - INFO - HTTP Request: POST https://api.telegram.org/bot8777656212:AAG8tiX5Rxni-sGxmAtqqDZ-ZBYUhTHb2K4/getUpdates "HTTP/1.1 200 OK"
2026-09-06 15:29:58,787 - httpx - INFO - HTTP Request: POST https://api.telegram.org/bot8777656212:AAG8tiX5Rxni-sGxmAtqqDZ-ZBYUhTHb2K4/getUpdates "HTTP/1.1 200 OK"
2026-09-06 15:30:29,341 - httpx - INFO - HTTP Request: POST https://api.telegram.org/bot8777656212:AAG8tiX5Rxni-sGxmAtqqDZ-ZBYUhTHb2K4/getUpdates "HTTP/1.1 200 OK"
2026-09-06 15:30:59,894 - httpx - INFO - HTTP Request: POST https://api.telegram.org/bot8777656212:AAG8tiX5Rxni-sGxmAtqqDZ-ZBYUhTHb2K4/getUpdates "HTTP/1.1 200 OK"
2026-09-06 15:31:30,487 - httpx - INFO - HTTP Request: POST https://api.telegram.org/bot8777656212:AAG8tiX5Rxni-sGxmAtqqDZ-ZBYUhTHb2K4/getUpdates "HTTP/1.1 200 OK"
2026-09-06 15:32:01,125 - httpx - INFO - HTTP Request: POST https://api.telegram.org/bot8777656212:AAG8tiX5Rxni-sGxmAtqqDZ-ZBYUhTHb2K4/getUpdates "HTTP/1.1 200 OK"
2026-09-06 15:32:31,671 - httpx - INFO - HTTP Request: POST https://api.telegram.org/bot8777656212:AAG8tiX5Rxni-sGxmAtqqDZ-ZBYUhTHb2K4/getUpdates "HTTP/1.1 200 OK"
2026-09-06 15:33:02,215 - httpx - INFO - HTTP Request: POST https://api.telegram.org/bot8777656212:AAG8tiX5Rxni-sGxmAtqqDZ-ZBYUhTHb2K4/getUpdates "HTTP/1.1 200 OK"
2026-09-06 15:33:32,782 - httpx - INFO - HTTP Request: POST https://api.telegram.org/bot8777656212:AAG8tiX5Rxni-sGxmAtqqDZ-ZBYUhTHb2K4/getUpdates "HTTP/1.1 200 OK"
2026-09-06 15:34:03,325 - httpx - INFO - HTTP Request: POST https://api.telegram.org/bot8777656212:AAG8tiX5Rxni-sGxmAtqqDZ-ZBYUhTHb2K4/getUpdates "HTTP/1.1 200 OK"
2026-09-06 15:34:33,874 - httpx - INFO - HTTP Request: POST https://api.telegram.org/bot8777656212:AAG8tiX5Rxni-sGxmAtqqDZ-ZBYUhTHb2K4/getUpdates "HTTP/1.1 200 OK"
2026-09-06 15:35:04,432 - httpx - INFO - HTTP Request: POST https://api.telegram.org/bot8777656212:AAG8tiX5Rxni-sGxmAtqqDZ-ZBYUhTHb2K4/getUpdates "HTTP/1.1 200 OK"
2026-09-06 15:35:34,983 - httpx - INFO - HTTP Request: POST https://api.telegram.org/bot8777656212:AAG8tiX5Rxni-sGxmAtqqDZ-ZBYUhTHb2K4/getUpdates "HTTP/1.1 200 OK"
